2026-04-20 16:09:29,714 - WARNING - Falha ao converter valor monetario: 'abc'
2026-04-20 16:09:29,715 - WARNING - Falha ao converter valor monetario: ''
2026-04-20 16:09:29,722 - INFO - Nao foi possivel identificar CPF/CNPJ na linha: 'TRANSPORTADORA ABC...'
2026-04-20 16:09:29,724 - INFO - Nao foi possivel identificar CPF/CNPJ na linha: 'NOME QUALQUER...'
2026-04-20 16:11:17,335 - INFO - Iniciando extracao do arquivo: C:/Users/Veloso/Downloads/GENIS REM.pdf
2026-04-20 16:11:27,933 - INFO - Nao foi possivel identificar CPF/CNPJ na linha: 'IDENTIFICAÇAO DO CONTRIBUINTE...'
2026-04-20 16:28:17,367 - INFO - Iniciando extracao do arquivo: C:/Users/Veloso/Downloads/GENIS REM.pdf
2026-04-20 16:28:28,623 - INFO - Nao foi possivel identificar CPF/CNPJ na linha: 'IDENTIFICAÇAO DO CONTRIBUINTE...'
2026-04-20 17:24:27,949 - INFO - Iniciando extracao do arquivo: C:/Users/Veloso/Downloads/GENIS REM.pdf
2026-04-20 17:24:38,389 - INFO - Nao foi possivel identificar CPF/CNPJ na linha: 'IDENTIFICAÇAO DO CONTRIBUINTE...'
2026-04-20 17:42:07,946 - INFO - Iniciando extracao do arquivo: C:/Users/Veloso/Downloads/GENIS REM.pdf
2026-04-20 17:42:18,655 - INFO - Nao foi possivel identificar CPF/CNPJ na linha: 'IDENTIFICAÇAO DO CONTRIBUINTE...'
2026-04-20 18:10:29,893 - INFO - Iniciando extracao do arquivo: C:/Users/Veloso/Downloads/GENIS REM.pdf
2026-04-20 18:10:40,700 - INFO - Nao foi possivel identificar CPF/CNPJ na linha: 'IDENTIFICAÇAO DO CONTRIBUINTE...'
2026-04-20 18:14:21,396 - INFO - Iniciando extracao do arquivo: C:/Users/Veloso/Downloads/GENIS REM.pdf
2026-04-20 18:14:30,590 - INFO - Nao foi possivel identificar CPF/CNPJ na linha: 'IDENTIFICAÇAO DO CONTRIBUINTE...'
2026-04-20 18:43:38,229 - WARNING - Falha ao converter valor monetario: 'abc'
2026-04-20 18:43:38,232 - WARNING - Falha ao converter valor monetario: ''
2026-04-20 18:43:38,241 - INFO - Nao foi possivel identificar CPF/CNPJ na linha: 'TRANSPORTADORA ABC...'
2026-04-20 18:43:38,243 - INFO - Nao foi possivel identificar CPF/CNPJ na linha: 'NOME QUALQUER...'
2026-04-20 18:43:48,226 - WARNING - Falha ao converter valor monetario: 'abc'
2026-04-20 18:43:48,230 - WARNING - Falha ao converter valor monetario: ''
2026-04-20 18:43:48,238 - INFO - Nao foi possivel identificar CPF/CNPJ na linha: 'TRANSPORTADORA ABC...'
2026-04-20 18:43:48,242 - INFO - Nao foi possivel identificar CPF/CNPJ na linha: 'NOME QUALQUER...'
2026-04-20 19:11:29,467 - WARNING - Falha ao converter valor monetario: 'abc'
2026-04-20 19:11:29,470 - WARNING - Falha ao converter valor monetario: ''
2026-04-20 19:11:29,475 - INFO - Nao foi possivel identificar CPF/CNPJ na linha: 'TRANSPORTADORA ABC...'
2026-04-20 19:11:29,477 - INFO - Nao foi possivel identificar CPF/CNPJ na linha: 'NOME QUALQUER...'
2026-04-20 19:12:05,375 - WARNING - Falha ao converter valor monetario: 'abc'
2026-04-20 19:12:05,376 - WARNING - Falha ao converter valor monetario: ''
2026-04-20 19:12:05,381 - INFO - Nao foi possivel identificar CPF/CNPJ na linha: 'TRANSPORTADORA ABC...'
2026-04-20 19:12:05,383 - INFO - Nao foi possivel identificar CPF/CNPJ na linha: 'NOME QUALQUER...'
2026-04-20 19:12:26,258 - WARNING - Falha ao converter valor monetario: 'abc'
2026-04-20 19:12:26,259 - WARNING - Falha ao converter valor monetario: ''
2026-04-20 19:12:26,264 - INFO - Nao foi possivel identificar CPF/CNPJ na linha: 'TRANSPORTADORA ABC...'
2026-04-20 19:12:26,266 - INFO - Nao foi possivel identificar CPF/CNPJ na linha: 'NOME QUALQUER...'
2026-04-20 19:19:46,615 - WARNING - Falha ao converter valor monetario: 'abc'
2026-04-20 19:19:46,617 - WARNING - Falha ao converter valor monetario: ''
2026-04-20 19:19:46,622 - INFO - Nao foi possivel identificar CPF/CNPJ na linha: 'TRANSPORTADORA ABC...'
2026-04-20 19:19:46,623 - INFO - Nao foi possivel identificar CPF/CNPJ na linha: 'NOME QUALQUER...'
2026-04-20 19:23:03,680 - INFO - Iniciando extracao do arquivo: C:/Users/Veloso/Downloads/GENIS REM.pdf
2026-04-20 19:23:13,143 - INFO - Nao foi possivel identificar CPF/CNPJ na linha: 'IDENTIFICAÇAO DO CONTRIBUINTE...'
2026-04-20 19:26:27,074 - INFO - Iniciando extracao do arquivo: C:/Users/Veloso/Downloads/GENIS REM.pdf
2026-04-20 19:26:40,815 - INFO - Nao foi possivel identificar CPF/CNPJ na linha: 'IDENTIFICAÇAO DO CONTRIBUINTE...'
2026-04-20 19:38:54,436 - INFO - Iniciando extracao do arquivo: C:/Users/Veloso/Downloads/GENIS DEST.pdf
2026-04-20 19:40:02,723 - INFO - Iniciando extracao do arquivo: C:/Users/Veloso/Downloads/GENIS DEST.pdf
2026-04-20 19:40:04,122 - INFO - Nao foi possivel identificar CPF/CNPJ na linha: 'IDENTIFICAÇAO DO CONTRIBUINTE...'
2026-04-21 09:42:00,315 - INFO - Iniciando extracao do arquivo: C:/Users/Veloso/Downloads/GENIS DEST.pdf
2026-04-21 09:42:02,071 - INFO - Nao foi possivel identificar CPF/CNPJ na linha: 'IDENTIFICAÇAO DO CONTRIBUINTE...'
2026-04-21 17:32:25,058 - INFO - Iniciando extracao do arquivo: C:/Users/Veloso/Downloads/GENIS REM.pdf
2026-04-21 17:32:33,630 - INFO - Nao foi possivel identificar CPF/CNPJ na linha: 'IDENTIFICAÇAO DO CONTRIBUINTE...'
2026-04-21 17:32:33,659 - INFO - Iniciando extracao do arquivo: C:/Users/Veloso/Downloads/GENIS DEST.pdf
2026-04-21 17:32:35,121 - INFO - Nao foi possivel identificar CPF/CNPJ na linha: 'IDENTIFICAÇAO DO CONTRIBUINTE...'
2026-04-21 17:33:23,493 - INFO - Iniciando extracao do arquivo: C:/Users/Veloso/Downloads/GENIS REM.pdf
2026-04-21 17:33:32,127 - INFO - Nao foi possivel identificar CPF/CNPJ na linha: 'IDENTIFICAÇAO DO CONTRIBUINTE...'
2026-04-21 17:33:32,155 - INFO - Iniciando extracao do arquivo: C:/Users/Veloso/Downloads/GENIS DEST.pdf
2026-04-21 17:33:33,585 - INFO - Nao foi possivel identificar CPF/CNPJ na linha: 'IDENTIFICAÇAO DO CONTRIBUINTE...'
2026-04-21 18:02:29,898 - INFO - Iniciando extracao do arquivo: C:/Users/Veloso/Downloads/GENIS REM.pdf
2026-04-21 18:02:40,603 - INFO - Nao foi possivel identificar CPF/CNPJ na linha: 'IDENTIFICAÇAO DO CONTRIBUINTE...'
2026-04-21 21:45:16,434 - ERROR - Falha CRÍTICA ao converter valor: 'abc' (Contexto: Desconhecido)
2026-04-21 21:45:16,438 - ERROR - Falha CRÍTICA ao converter valor: '' (Contexto: Desconhecido)
2026-04-21 21:45:16,445 - INFO - Nao foi possivel identificar CPF/CNPJ na linha: 'TRANSPORTADORA ABC...'
2026-04-21 21:45:16,447 - INFO - Nao foi possivel identificar CPF/CNPJ na linha: 'NOME QUALQUER...'
2026-04-21 21:47:06,604 - INFO - Iniciando extracao do arquivo: C:/Users/Veloso/Downloads/GENIS REM.pdf
2026-04-21 21:47:17,421 - INFO - Nao foi possivel identificar CPF/CNPJ na linha: 'IDENTIFICAÇAO DO CONTRIBUINTE...'
2026-04-22 07:14:35,602 - INFO - Iniciando extracao do arquivo: C:\Users\Veloso\Downloads\GENIS DEST.pdf
2026-04-22 07:14:36,898 - INFO - Nao foi possivel identificar CPF/CNPJ na linha: 'IDENTIFICAÇAO DO CONTRIBUINTE...'
2026-04-22 07:14:36,902 - INFO - Iniciando extracao do arquivo: C:\Users\Veloso\Downloads\GENIS REM.pdf
2026-04-22 07:14:48,074 - INFO - Nao foi possivel identificar CPF/CNPJ na linha: 'IDENTIFICAÇAO DO CONTRIBUINTE...'
2026-04-22 07:15:17,655 - INFO - Iniciando extracao do arquivo: C:\Users\Veloso\Downloads\GENIS DEST.pdf
2026-04-22 07:15:19,241 - INFO - Nao foi possivel identificar CPF/CNPJ na linha: 'IDENTIFICAÇAO DO CONTRIBUINTE...'
2026-04-22 07:16:12,835 - INFO - Iniciando extracao do arquivo: C:\Users\Veloso\Downloads\GENIS DEST.pdf
2026-04-22 07:16:14,133 - INFO - Nao foi possivel identificar CPF/CNPJ na linha: 'IDENTIFICAÇAO DO CONTRIBUINTE...'
2026-04-22 07:16:56,737 - INFO - Iniciando extracao do arquivo: C:\Users\Veloso\Downloads\GENIS DEST.pdf
2026-04-22 07:16:58,018 - INFO - Nao foi possivel identificar CPF/CNPJ na linha: 'IDENTIFICAÇAO DO CONTRIBUINTE...'
2026-04-22 07:16:59,997 - INFO - Iniciando extracao do arquivo: C:\Users\Veloso\Downloads\GENIS REM.pdf
2026-04-22 07:17:08,470 - INFO - Nao foi possivel identificar CPF/CNPJ na linha: 'IDENTIFICAÇAO DO CONTRIBUINTE...'
2026-04-22 07:29:59,936 - INFO - Iniciando extracao do arquivo: C:\Users\Veloso\Downloads\GENIS DEST.pdf
2026-04-22 07:30:01,173 - INFO - Nao foi possivel identificar CPF/CNPJ na linha: 'IDENTIFICAÇAO DO CONTRIBUINTE...'
2026-04-22 07:30:01,178 - INFO - Iniciando extracao do arquivo: C:\Users\Veloso\Downloads\GENIS REM.pdf
2026-04-22 07:30:10,037 - INFO - Nao foi possivel identificar CPF/CNPJ na linha: 'IDENTIFICAÇAO DO CONTRIBUINTE...'
2026-04-22 07:39:48,298 - INFO - Iniciando extracao do arquivo: C:\Users\Veloso\Downloads\GENIS DEST.pdf
2026-04-22 07:39:49,544 - INFO - Nao foi possivel identificar CPF/CNPJ na linha: 'IDENTIFICAÇAO DO CONTRIBUINTE...'
2026-04-22 07:39:49,549 - INFO - Iniciando extracao do arquivo: C:\Users\Veloso\Downloads\GENIS REM.pdf
2026-04-22 07:39:58,147 - INFO - Nao foi possivel identificar CPF/CNPJ na linha: 'IDENTIFICAÇAO DO CONTRIBUINTE...'
2026-04-22 08:07:41,156 - INFO - Iniciando extracao do arquivo: C:\Users\Veloso\Downloads\GENIS DEST.pdf
2026-04-22 08:07:42,394 - INFO - Nao foi possivel identificar CPF/CNPJ na linha: 'IDENTIFICAÇAO DO CONTRIBUINTE...'
2026-04-22 08:07:42,399 - INFO - Iniciando extracao do arquivo: C:\Users\Veloso\Downloads\GENIS REM.pdf
2026-04-22 08:07:51,144 - INFO - Nao foi possivel identificar CPF/CNPJ na linha: 'IDENTIFICAÇAO DO CONTRIBUINTE...'
2026-04-22 08:15:21,509 - INFO - Iniciando extracao do arquivo: C:\Users\Veloso\Downloads\GENIS DEST.pdf
2026-04-22 08:15:22,771 - INFO - Nao foi possivel identificar CPF/CNPJ na linha: 'IDENTIFICAÇAO DO CONTRIBUINTE...'
2026-04-22 08:30:58,490 - INFO - Iniciando extracao do arquivo: C:\Users\Veloso\Downloads\GENIS DEST.pdf
2026-04-22 08:30:59,710 - INFO - Nao foi possivel identificar CPF/CNPJ na linha: 'IDENTIFICAÇAO DO CONTRIBUINTE...'
2026-04-22 08:30:59,715 - INFO - Iniciando extracao do arquivo: C:\Users\Veloso\Downloads\GENIS REM.pdf
2026-04-22 08:31:08,384 - INFO - Nao foi possivel identificar CPF/CNPJ na linha: 'IDENTIFICAÇAO DO CONTRIBUINTE...'
2026-04-22 08:31:30,910 - INFO - Iniciando extracao do arquivo: C:\Users\Veloso\Downloads\GENIS DEST.pdf
2026-04-22 08:31:32,106 - INFO - Nao foi possivel identificar CPF/CNPJ na linha: 'IDENTIFICAÇAO DO CONTRIBUINTE...'
2026-04-22 08:31:32,111 - INFO - Iniciando extracao do arquivo: C:\Users\Veloso\Downloads\GENIS REM.pdf
2026-04-22 08:31:40,740 - INFO - Nao foi possivel identificar CPF/CNPJ na linha: 'IDENTIFICAÇAO DO CONTRIBUINTE...'
2026-04-22 08:42:31,693 - INFO - Iniciando extracao do arquivo: C:\Users\Veloso\Downloads\GENIS DEST.pdf
2026-04-22 08:42:33,690 - INFO - Nao foi possivel identificar CPF/CNPJ na linha: 'IDENTIFICAÇAO DO CONTRIBUINTE...'
2026-04-22 08:42:33,700 - INFO - Iniciando extracao do arquivo: C:\Users\Veloso\Downloads\GENIS REM.pdf
2026-04-22 08:42:52,837 - INFO - Nao foi possivel identificar CPF/CNPJ na linha: 'IDENTIFICAÇAO DO CONTRIBUINTE...'
2026-04-22 08:47:28,130 - INFO - Iniciando extracao do arquivo: C:\Users\Veloso\Downloads\GENIS DEST.pdf
2026-04-22 08:47:29,415 - INFO - Nao foi possivel identificar CPF/CNPJ na linha: 'IDENTIFICAÇAO DO CONTRIBUINTE...'
2026-04-22 08:47:29,419 - INFO - Iniciando extracao do arquivo: C:\Users\Veloso\Downloads\GENIS REM.pdf
2026-04-22 08:47:40,337 - INFO - Nao foi possivel identificar CPF/CNPJ na linha: 'IDENTIFICAÇAO DO CONTRIBUINTE...'
2026-04-22 08:59:22,359 - INFO - Iniciando extracao do arquivo: C:\Users\Veloso\Downloads\GENIS DEST.pdf
2026-04-22 08:59:23,615 - INFO - Nao foi possivel identificar CPF/CNPJ na linha: 'IDENTIFICAÇAO DO CONTRIBUINTE...'
2026-04-22 08:59:23,620 - INFO - Iniciando extracao do arquivo: C:\Users\Veloso\Downloads\GENIS REM.pdf
2026-04-22 08:59:32,415 - INFO - Nao foi possivel identificar CPF/CNPJ na linha: 'IDENTIFICAÇAO DO CONTRIBUINTE...'
2026-04-22 09:01:25,180 - INFO - Iniciando extracao do arquivo: C:\Users\Veloso\Downloads\GENIS DEST.pdf
2026-04-22 09:01:26,451 - INFO - Nao foi possivel identificar CPF/CNPJ na linha: 'IDENTIFICAÇAO DO CONTRIBUINTE...'
2026-04-22 09:01:26,457 - INFO - Iniciando extracao do arquivo: C:\Users\Veloso\Downloads\GENIS REM.pdf
2026-04-22 09:01:36,625 - INFO - Nao foi possivel identificar CPF/CNPJ na linha: 'IDENTIFICAÇAO DO CONTRIBUINTE...'
2026-04-22 09:02:58,271 - INFO - Iniciando extracao do arquivo: C:\Users\Veloso\Downloads\GENIS DEST.pdf
2026-04-22 09:02:59,565 - INFO - Nao foi possivel identificar CPF/CNPJ na linha: 'IDENTIFICAÇAO DO CONTRIBUINTE...'
2026-04-22 09:02:59,570 - INFO - Iniciando extracao do arquivo: C:\Users\Veloso\Downloads\GENIS REM.pdf
2026-04-22 09:03:08,151 - INFO - Nao foi possivel identificar CPF/CNPJ na linha: 'IDENTIFICAÇAO DO CONTRIBUINTE...'
2026-04-22 09:08:41,573 - INFO - Iniciando extracao do arquivo: C:\Users\Veloso\Downloads\GENIS DEST.pdf
2026-04-22 09:08:43,734 - INFO - Nao foi possivel identificar CPF/CNPJ na linha: 'IDENTIFICAÇAO DO CONTRIBUINTE...'
2026-04-22 09:08:43,739 - INFO - Iniciando extracao do arquivo: C:\Users\Veloso\Downloads\GENIS REM.pdf
2026-04-22 09:08:55,507 - INFO - Nao foi possivel identificar CPF/CNPJ na linha: 'IDENTIFICAÇAO DO CONTRIBUINTE...'
2026-04-22 09:10:25,396 - INFO - Iniciando extracao do arquivo: C:\Users\Veloso\Downloads\GENIS DEST.pdf
2026-04-22 09:10:26,747 - INFO - Nao foi possivel identificar CPF/CNPJ na linha: 'IDENTIFICAÇAO DO CONTRIBUINTE...'
2026-04-22 09:10:26,752 - INFO - Iniciando extracao do arquivo: C:\Users\Veloso\Downloads\GENIS REM.pdf
2026-04-22 09:10:35,603 - INFO - Nao foi possivel identificar CPF/CNPJ na linha: 'IDENTIFICAÇAO DO CONTRIBUINTE...'
2026-04-22 09:19:32,308 - INFO - Iniciando extracao do arquivo: C:\Users\Veloso\Downloads\GENIS DEST.pdf
2026-04-22 09:19:34,023 - INFO - Nao foi possivel identificar CPF/CNPJ na linha: 'IDENTIFICAÇAO DO CONTRIBUINTE...'
2026-04-22 09:19:34,029 - INFO - Iniciando extracao do arquivo: C:\Users\Veloso\Downloads\GENIS REM.pdf
2026-04-22 09:19:44,673 - INFO - Nao foi possivel identificar CPF/CNPJ na linha: 'IDENTIFICAÇAO DO CONTRIBUINTE...'
